#
# A fatal error has been detected by the Java Runtime Environment:
#
#  EXCEPTION_ACCESS_VIOLATION (0xc0000005) at pc=0x00007fffd1d0e0a9, pid=7800, tid=15084
#
# JRE version: OpenJDK Runtime Environment Microsoft-8035246 (17.0.8+7) (build 17.0.8+7-LTS)
# Java VM: OpenJDK 64-Bit Server VM Microsoft-8035246 (17.0.8+7-LTS, mixed mode, sharing, tiered, compressed oops, compressed class ptrs, g1 gc, windows-amd64)
# Problematic frame:
# V  [jvm.dll+0x2be0a9]
#
# No core dump will be written. Minidumps are not enabled by default on client versions of Windows
#
# If you would like to submit a bug report, please visit:
#   https://github.com/microsoft/openjdk/issues
#

---------------  S U M M A R Y ------------

Command Line: --add-opens=java.base/java.lang=ALL-UNNAMED --add-opens=java.base/java.lang.invoke=ALL-UNNAMED --add-opens=java.base/java.util=ALL-UNNAMED --add-opens=java.prefs/java.util.prefs=ALL-UNNAMED --add-exports=jdk.compiler/com.sun.tools.javac.api=ALL-UNNAMED --add-exports=jdk.compiler/com.sun.tools.javac.util=ALL-UNNAMED --add-opens=java.base/java.util=ALL-UNNAMED --add-opens=java.prefs/java.util.prefs=ALL-UNNAMED --add-opens=java.base/java.nio.charset=ALL-UNNAMED --add-opens=java.base/java.net=ALL-UNNAMED --add-opens=java.base/java.util.concurrent=ALL-UNNAMED --add-opens=java.base/java.util.concurrent.atomic=ALL-UNNAMED --add-opens=java.xml/javax.xml.namespace=ALL-UNNAMED -Xmx4096m -Dfile.encoding=UTF-8 -Duser.country=US -Duser.language=en -Duser.variant -javaagent:C:\Users\pc\.gradle\wrapper\dists\gradle-9.0.0-bin\d6wjpkvcgsg3oed0qlfss3wgl\gradle-9.0.0\lib\agents\gradle-instrumentation-agent-9.0.0.jar org.gradle.launcher.daemon.bootstrap.GradleDaemon 9.0.0

Host: Intel(R) Core(TM) i5-6600 CPU @ 3.30GHz, 4 cores, 15G,  Windows 10 , 64 bit Build 19041 (10.0.19041.5915)
Time: Thu Feb  5 15:47:06 2026 Pakistan Standard Time elapsed time: 51.950373 seconds (0d 0h 0m 51s)

---------------  T H R E A D  ---------------

Current thread (0x00000248688388c0):  JavaThread "C2 CompilerThread0" daemon [_thread_in_native, id=15084, stack(0x0000009873900000,0x0000009873a00000)]


Current CompileTask:
C2:  51950 11589   !   4       java.util.concurrent.FutureTask::run (123 bytes)

Stack: [0x0000009873900000,0x0000009873a00000],  sp=0x00000098739fb910,  free space=1006k
Native frames: (J=compiled Java code, j=interpreted, Vv=VM code, C=native code)
V  [jvm.dll+0x2be0a9]
V  [jvm.dll+0x21ba8b]
V  [jvm.dll+0x21944b]
V  [jvm.dll+0x1a56b6]
V  [jvm.dll+0x2291ea]
V  [jvm.dll+0x22724c]
V  [jvm.dll+0x7efd0c]
V  [jvm.dll+0x7ea13a]
V  [jvm.dll+0x67ad85]
C  [ucrtbase.dll+0x21bb2]
C  [KERNEL32.DLL+0x17374]
C  [ntdll.dll+0x4cc91]


siginfo: EXCEPTION_ACCESS_VIOLATION (0xc0000005), reading address 0x0000000000000028


Register to memory mapping:

RIP=0x00007fffd1d0e0a9 jvm.dll
RAX=0x00000248716dfd60 points into unknown readable memory: 0x0000000000000000 | 00 00 00 00 00 00 00 00
RBX=0x00000000000014a0 is an unknown value
RCX=0x0 is NULL
RDX=0x0 is NULL
RSP=0x00000098739fb910 is pointing into the stack for thread: 0x00000248688388c0
RBP=0x00000098739fb980 is pointing into the stack for thread: 0x00000248688388c0
RSI=0x0 is NULL
RDI=0x0000000000000040 is an unknown value
R8 =0x000000000000ffe0 is an unknown value
R9 =0x0 is NULL
R10=0x00007ff807bb0000 VCRUNTIME140.dll
R11=0x00000248716dfd80 points into unknown readable memory: 0x0000000000000000 | 00 00 00 00 00 00 00 00
R12=0x0000000000000050 is an unknown value
R13=0x0 is NULL
R14=0x0 is NULL
R15=0x00000098739feb30 is pointing into the stack for thread: 0x00000248688388c0


Registers:
RAX=0x00000248716dfd60, RBX=0x00000000000014a0, RCX=0x0000000000000000, RDX=0x0000000000000000
RSP=0x00000098739fb910, RBP=0x00000098739fb980, RSI=0x0000000000000000, RDI=0x0000000000000040
R8 =0x000000000000ffe0, R9 =0x0000000000000000, R10=0x00007ff807bb0000, R11=0x00000248716dfd80
R12=0x0000000000000050, R13=0x0000000000000000, R14=0x0000000000000000, R15=0x00000098739feb30
RIP=0x00007fffd1d0e0a9, EFLAGS=0x0000000000010202

Top of Stack: (sp=0x00000098739fb910)
0x00000098739fb910:   00000000000014a0 0000000000000000
0x00000098739fb920:   00000098739feb30 00007fffd1c738d1
0x00000098739fb930:   0000024868826ba0 00007fff00002000
0x00000098739fb940:   00000248716dfd60 0000024800000000
0x00000098739fb950:   0000024800000002 000002486e800300
0x00000098739fb960:   0000000000000002 0000024868826ba0
0x00000098739fb970:   0000000000000000 0000000000000000
0x00000098739fb980:   00000248462f7000 000002484628ec50
0x00000098739fb990:   0000000000000040 00007fffd2394c08
0x00000098739fb9a0:   00000098739fbab0 00007fffd1c6ba8b
0x00000098739fb9b0:   00000098739feb30 00007fffd2394c08
0x00000098739fb9c0:   00000098739feb30 00000098739fbab0
0x00000098739fb9d0:   00003a5200000000 00007fffd1fb41b6
0x00000098739fb9e0:   000000980000000f 00000098739feb30
0x00000098739fb9f0:   00000098739fbb60 0000024800000000
0x00000098739fba00:   0000000000000100 00007fffd2394c08 

Instructions: (pc=0x00007fffd1d0e0a9)
0x00007fffd1d0dfa9:   3b d0 75 0b ff c1 41 3b c9 7c dc 48 8b c2 c3 33
0x00007fffd1d0dfb9:   c0 c3 cc cc cc cc cc 48 89 5c 24 18 55 56 57 41
0x00007fffd1d0dfc9:   55 41 57 48 8b ec 48 83 ec 70 65 48 8b 04 25 58
0x00007fffd1d0dfd9:   00 00 00 48 8b f2 44 8b 05 d2 8b 90 00 4c 8b f9
0x00007fffd1d0dfe9:   4a 8b 1c c0 b8 50 00 00 00 80 3c 18 00 75 05 e8
0x00007fffd1d0dff9:   8b 6f 5d 00 b8 20 00 00 00 48 8b 04 18 48 8b 98
0x00007fffd1d0e009:   38 02 00 00 48 89 5d b0 c7 45 b8 04 00 00 00 48
0x00007fffd1d0e019:   8b 43 18 48 83 f8 df 76 18 4c 8d 05 37 a9 65 00
0x00007fffd1d0e029:   ba 20 00 00 00 48 8b cb e8 5a eb de ff 48 8b 43
0x00007fffd1d0e039:   18 48 8d 48 20 48 3b 4b 20 76 11 45 33 c0 48 8b
0x00007fffd1d0e049:   cb 41 8d 50 20 e8 fd e8 de ff eb 04 48 89 4b 18
0x00007fffd1d0e059:   44 8b 45 b8 33 d2 49 c1 e0 03 48 8b c8 48 89 45
0x00007fffd1d0e069:   c0 e8 e3 80 5d 00 45 33 ed 48 8d 4d d0 44 89 6d
0x00007fffd1d0e079:   c8 e8 01 59 56 00 41 8b 9f 40 02 00 00 41 2b 9f
0x00007fffd1d0e089:   68 02 00 00 44 89 6d f0 3b 5d b8 72 0b 8b d3 48
0x00007fffd1d0e099:   8d 4d b0 e8 6f b3 39 00 48 8b 45 c0 4c 89 2c d8
0x00007fffd1d0e0a9:   8b 7e 28 8b df c1 eb 05 3b 5d d0 72 0b 8b d3 48
0x00007fffd1d0e0b9:   8d 4d d0 e8 1f 59 56 00 48 8b 45 d8 83 e7 1f 48
0x00007fffd1d0e0c9:   8d 14 98 40 0f b6 cf 41 b8 01 00 00 00 41 d3 e0
0x00007fffd1d0e0d9:   8b 0a 8b c1 41 0b c0 89 02 41 85 c8 75 21 8b 5d
0x00007fffd1d0e0e9:   c8 8d 43 01 89 45 c8 3b 5d b8 72 0b 8b d3 48 8d
0x00007fffd1d0e0f9:   4d b0 e8 10 b3 39 00 48 8b 45 c0 48 89 34 d8 44
0x00007fffd1d0e109:   39 6d c8 0f 86 77 01 00 00 4c 89 a4 24 a0 00 00
0x00007fffd1d0e119:   00 4c 89 b4 24 a8 00 00 00 48 8b 45 c0 41 8b cd
0x00007fffd1d0e129:   48 8b 34 c8 8b 46 2c 25 ff 1f 00 00 3d 04 10 00
0x00007fffd1d0e139:   00 0f 85 a7 00 00 00 bb 01 00 00 00 39 5e 18 76
0x00007fffd1d0e149:   39 66 0f 1f 44 00 00 48 8b 46 08 8b cb 48 8b 14
0x00007fffd1d0e159:   c8 48 85 d2 74 1d 48 83 7a 10 00 74 16 80 7a 2c
0x00007fffd1d0e169:   84 74 10 e8 7f 7e ee ff 48 8b d0 49 8b cf e8 a4
0x00007fffd1d0e179:   61 f6 ff ff c3 3b 5e 18 72 cd 48 8b 5e 10 8b 46
0x00007fffd1d0e189:   20 4c 8d 34 c3 49 3b de 73 54 48 8b 3b 8b 47 2c
0x00007fffd1d0e199:   83 e0 03 3c 03 75 2e 48 8b 07 48 8b cf ff 90 88 


Stack slot to memory mapping:
stack at sp + 0 slots: 0x00000000000014a0 is an unknown value
stack at sp + 1 slots: 0x0 is NULL
stack at sp + 2 slots: 0x00000098739feb30 is pointing into the stack for thread: 0x00000248688388c0
stack at sp + 3 slots: 0x00007fffd1c738d1 jvm.dll
stack at sp + 4 slots: 0x0000024868826ba0 points into unknown readable memory: 0x0000000000000006 | 06 00 00 00 00 00 00 00
stack at sp + 5 slots: 0x00007fff00002000 is an unknown value
stack at sp + 6 slots: 0x00000248716dfd60 points into unknown readable memory: 0x0000000000000000 | 00 00 00 00 00 00 00 00
stack at sp + 7 slots: 0x0000024800000000 is pointing into metadata


---------------  P R O C E S S  ---------------

Threads class SMR info:
_java_thread_list=0x0000024870eac730, length=88, elements={
0x0000024846277110, 0x0000024868815110, 0x0000024868815ea0, 0x0000024868827200,
0x0000024868827f90, 0x000002486882bae0, 0x000002486882c3b0, 0x00000248688388c0,
0x00000248688391d0, 0x0000024868839ae0, 0x0000024868b20a20, 0x0000024868cec8f0,
0x000002486e479f80, 0x000002486e4849f0, 0x000002486e5599a0, 0x000002486e546440,
0x000002486e546cf0, 0x000002486e6cc4c0, 0x000002486e6cc9d0, 0x000002486e6cb590,
0x000002486e6cb080, 0x000002486e6cbaa0, 0x000002486e6cbfb0, 0x000002486ed43e40,
0x000002486ed42f10, 0x000002486ed415c0, 0x000002486ed410b0, 0x000002486ed470e0,
0x000002486ed424f0, 0x000002486ed466c0, 0x000002486ed43930, 0x000002486ed41ad0,
0x000002486ed44350, 0x000002486ed41fe0, 0x000002486ed43420, 0x000002486ed45280,
0x000002486ed45790, 0x000002486ed45ca0, 0x000002486ed3fc70, 0x000002486ed46bd0,
0x000002486ed475f0, 0x000002486ed40690, 0x0000024870363830, 0x000002487035f150,
0x0000024870362e10, 0x0000024870362900, 0x00000248703614c0, 0x00000248703623f0,
0x000002487035c3c0, 0x0000024870361ee0, 0x000002487035fb70, 0x000002487035f660,
0x000002487035e220, 0x000002487035ec40, 0x000002487035e730, 0x0000024870360080,
0x000002487035d2f0, 0x0000024870360fb0, 0x000002487035d800, 0x000002487035dd10,
0x000002487137a740, 0x0000024871379810, 0x000002487137d9e0, 0x000002487137cab0,
0x000002487137def0, 0x000002487137a230, 0x000002487137c5a0, 0x0000024871380770,
0x000002487137fd50, 0x0000024871381190, 0x0000024871380260, 0x0000024871380c80,
0x000002487137f330, 0x000002487137e400, 0x000002487137e910, 0x0000024871379d20,
0x000002487137ee20, 0x000002487137ac50, 0x000002487137b160, 0x000002487137b670,
0x000002487137bb80, 0x000002487137c090, 0x000002487137cfc0, 0x000002486fd637b0,
0x000002486fd66540, 0x000002486fd62d90, 0x000002486fd63cc0, 0x000002486fd641d0
}

Java Threads: ( => current thread )
  0x0000024846277110 JavaThread "main" [_thread_blocked, id=7000, stack(0x0000009872c00000,0x0000009872d00000)]
  0x0000024868815110 JavaThread "Reference Handler" daemon [_thread_blocked, id=2892, stack(0x0000009873300000,0x0000009873400000)]
  0x0000024868815ea0 JavaThread "Finalizer" daemon [_thread_blocked, id=5020, stack(0x0000009873400000,0x0000009873500000)]
  0x0000024868827200 JavaThread "Signal Dispatcher" daemon [_thread_blocked, id=10020, stack(0x0000009873500000,0x0000009873600000)]
  0x0000024868827f90 JavaThread "Attach Listener" daemon [_thread_blocked, id=8756, stack(0x0000009873600000,0x0000009873700000)]
  0x000002486882bae0 JavaThread "Service Thread" daemon [_thread_blocked, id=5948, stack(0x0000009873700000,0x0000009873800000)]
  0x000002486882c3b0 JavaThread "Monitor Deflation Thread" daemon [_thread_blocked, id=14684, stack(0x0000009873800000,0x0000009873900000)]
=>0x00000248688388c0 JavaThread "C2 CompilerThread0" daemon [_thread_in_native, id=15084, stack(0x0000009873900000,0x0000009873a00000)]
  0x00000248688391d0 JavaThread "C1 CompilerThread0" daemon [_thread_blocked, id=640, stack(0x0000009873a00000,0x0000009873b00000)]
  0x0000024868839ae0 JavaThread "Sweeper thread" daemon [_thread_blocked, id=15308, stack(0x0000009873b00000,0x0000009873c00000)]
  0x0000024868b20a20 JavaThread "Common-Cleaner" daemon [_thread_blocked, id=14916, stack(0x0000009873c00000,0x0000009873d00000)]
  0x0000024868cec8f0 JavaThread "Notification Thread" daemon [_thread_blocked, id=4444, stack(0x0000009873d00000,0x0000009873e00000)]
  0x000002486e479f80 JavaThread "Daemon health stats" [_thread_blocked, id=6268, stack(0x0000009874300000,0x0000009874400000)]
  0x000002486e4849f0 JavaThread "Incoming local TCP Connector on port 55330" [_thread_in_native, id=6084, stack(0x0000009874400000,0x0000009874500000)]
  0x000002486e5599a0 JavaThread "Daemon periodic checks" [_thread_blocked, id=6564, stack(0x0000009874500000,0x0000009874600000)]
  0x000002486e546440 JavaThread "Daemon" [_thread_blocked, id=3836, stack(0x0000009874200000,0x0000009874300000)]
  0x000002486e546cf0 JavaThread "Handler for socket connection from /127.0.0.1:55330 to /127.0.0.1:55331" [_thread_in_native, id=6844, stack(0x0000009874600000,0x0000009874700000)]
  0x000002486e6cc4c0 JavaThread "Cancel handler" [_thread_blocked, id=436, stack(0x0000009874700000,0x0000009874800000)]
  0x000002486e6cc9d0 JavaThread "Daemon worker" [_thread_in_native, id=12084, stack(0x0000009874800000,0x0000009874900000)]
  0x000002486e6cb590 JavaThread "Asynchronous log dispatcher for DefaultDaemonConnection: socket connection from /127.0.0.1:55330 to /127.0.0.1:55331" [_thread_blocked, id=12136, stack(0x0000009874900000,0x0000009874a00000)]
  0x000002486e6cb080 JavaThread "Stdin handler" [_thread_blocked, id=9008, stack(0x0000009874a00000,0x0000009874b00000)]
  0x000002486e6cbaa0 JavaThread "Daemon client event forwarder" [_thread_blocked, id=5696, stack(0x0000009874b00000,0x0000009874c00000)]
  0x000002486e6cbfb0 JavaThread "Cache worker for journal cache (C:\Users\pc\.gradle\caches\journal-1)" [_thread_blocked, id=13184, stack(0x0000009874c00000,0x0000009874d00000)]
  0x000002486ed43e40 JavaThread "File lock request listener" [_thread_in_native, id=7260, stack(0x0000009874d00000,0x0000009874e00000)]
  0x000002486ed42f10 JavaThread "Cache worker for file hash cache (C:\Users\pc\.gradle\caches\9.0.0\fileHashes)" [_thread_blocked, id=14788, stack(0x0000009874e00000,0x0000009874f00000)]
  0x000002486ed415c0 JavaThread "Cache worker for file hash cache (D:\Apps\Lunara_New\Lunara\android\.gradle\9.0.0\fileHashes)" [_thread_blocked, id=12440, stack(0x0000009875000000,0x0000009875100000)]
  0x000002486ed410b0 JavaThread "Cache worker for Build Output Cleanup Cache (D:\Apps\Lunara_New\Lunara\android\.gradle\buildOutputCleanup)" [_thread_blocked, id=484, stack(0x0000009874f00000,0x0000009875000000)]
  0x000002486ed470e0 JavaThread "File watcher server" daemon [_thread_in_native, id=13060, stack(0x0000009875200000,0x0000009875300000)]
  0x000002486ed424f0 JavaThread "File watcher consumer" daemon [_thread_blocked, id=4068, stack(0x0000009875300000,0x0000009875400000)]
  0x000002486ed466c0 JavaThread "Cache worker for checksums cache (D:\Apps\Lunara_New\Lunara\android\.gradle\9.0.0\checksums)" [_thread_blocked, id=5352, stack(0x0000009875400000,0x0000009875500000)]
  0x000002486ed43930 JavaThread "Cache worker for file content cache (C:\Users\pc\.gradle\caches\9.0.0\fileContent)" [_thread_blocked, id=10964, stack(0x0000009875500000,0x0000009875600000)]
  0x000002486ed41ad0 JavaThread "Cache worker for cache directory md-supplier (C:\Users\pc\.gradle\caches\9.0.0\md-supplier)" [_thread_blocked, id=3000, stack(0x0000009875600000,0x0000009875700000)]
  0x000002486ed44350 JavaThread "Cache worker for cache directory md-rule (C:\Users\pc\.gradle\caches\9.0.0\md-rule)" [_thread_blocked, id=6596, stack(0x0000009875700000,0x0000009875800000)]
  0x000002486ed41fe0 JavaThread "jar transforms" [_thread_blocked, id=15256, stack(0x0000009875800000,0x0000009875900000)]
  0x000002486ed43420 JavaThread "Cache worker for Build Output Cleanup Cache (D:\Apps\Lunara_New\Lunara\node_modules\@react-native\gradle-plugin\.gradle\buildOutputCleanup)" [_thread_blocked, id=10696, stack(0x0000009875a00000,0x0000009875b00000)]
  0x000002486ed45280 JavaThread "Unconstrained build operations" [_thread_blocked, id=1604, stack(0x0000009875100000,0x0000009875200000)]
  0x000002486ed45790 JavaThread "Unconstrained build operations Thread 2" [_thread_blocked, id=9976, stack(0x0000009875c00000,0x0000009875d00000)]
  0x000002486ed45ca0 JavaThread "Unconstrained build operations Thread 3" [_thread_blocked, id=8020, stack(0x0000009875d00000,0x0000009875e00000)]
  0x000002486ed3fc70 JavaThread "Unconstrained build operations Thread 4" [_thread_blocked, id=15004, stack(0x0000009875e00000,0x0000009875f00000)]
  0x000002486ed46bd0 JavaThread "Unconstrained build operations Thread 5" [_thread_blocked, id=12808, stack(0x0000009875f00000,0x0000009876000000)]
  0x000002486ed475f0 JavaThread "Unconstrained build operations Thread 6" [_thread_blocked, id=8580, stack(0x0000009876000000,0x0000009876100000)]
  0x000002486ed40690 JavaThread "Unconstrained build operations Thread 7" [_thread_blocked, id=4896, stack(0x0000009876200000,0x0000009876300000)]
  0x0000024870363830 JavaThread "Unconstrained build operations Thread 8" [_thread_blocked, id=6916, stack(0x0000009876300000,0x0000009876400000)]
  0x000002487035f150 JavaThread "Unconstrained build operations Thread 9" [_thread_blocked, id=1364, stack(0x0000009876400000,0x0000009876500000)]
  0x0000024870362e10 JavaThread "Unconstrained build operations Thread 10" [_thread_blocked, id=12992, stack(0x0000009876500000,0x0000009876600000)]
  0x0000024870362900 JavaThread "Unconstrained build operations Thread 11" [_thread_blocked, id=12300, stack(0x0000009876600000,0x0000009876700000)]
  0x00000248703614c0 JavaThread "Unconstrained build operations Thread 12" [_thread_blocked, id=3216, stack(0x0000009876700000,0x0000009876800000)]
  0x00000248703623f0 JavaThread "Unconstrained build operations Thread 13" [_thread_blocked, id=13756, stack(0x0000009876800000,0x0000009876900000)]
  0x000002487035c3c0 JavaThread "Unconstrained build operations Thread 14" [_thread_blocked, id=2900, stack(0x0000009876100000,0x0000009876200000)]
  0x0000024870361ee0 JavaThread "Unconstrained build operations Thread 15" [_thread_blocked, id=12048, stack(0x0000009876900000,0x0000009876a00000)]
  0x000002487035fb70 JavaThread "build event listener" [_thread_blocked, id=6992, stack(0x0000009876b00000,0x0000009876c00000)]
  0x000002487035f660 JavaThread "Memory manager" [_thread_blocked, id=12776, stack(0x0000009876a00000,0x0000009876b00000)]
  0x000002487035e220 JavaThread "ForkJoinPool.commonPool-worker-1" daemon [_thread_blocked, id=3332, stack(0x0000009876d00000,0x0000009876e00000)]
  0x000002487035ec40 JavaThread "ForkJoinPool.commonPool-worker-2" daemon [_thread_blocked, id=1784, stack(0x0000009876e00000,0x0000009876f00000)]
  0x000002487035e730 JavaThread "ForkJoinPool.commonPool-worker-3" daemon [_thread_blocked, id=9924, stack(0x0000009876f00000,0x0000009877000000)]
  0x0000024870360080 JavaThread "included builds" [_thread_blocked, id=6684, stack(0x0000009877000000,0x0000009877100000)]
  0x000002487035d2f0 JavaThread "Execution worker" [_thread_blocked, id=14576, stack(0x0000009877100000,0x0000009877200000)]
  0x0000024870360fb0 JavaThread "Execution worker Thread 2" [_thread_blocked, id=15252, stack(0x0000009877200000,0x0000009877300000)]
  0x000002487035d800 JavaThread "Execution worker Thread 3" [_thread_blocked, id=2668, stack(0x0000009877300000,0x0000009877400000)]
  0x000002487035dd10 JavaThread "Cache worker for execution history cache (D:\Apps\Lunara_New\Lunara\node_modules\@react-native\gradle-plugin\.gradle\9.0.0\executionHistory)" [_thread_blocked, id=14956, stack(0x0000009877400000,0x0000009877500000)]
  0x000002487137a740 JavaThread "Unconstrained build operations Thread 16" [_thread_blocked, id=8864, stack(0x0000009876c00000,0x0000009876d00000)]
  0x0000024871379810 JavaThread "Unconstrained build operations Thread 17" [_thread_blocked, id=9620, stack(0x0000009877500000,0x0000009877600000)]
  0x000002487137d9e0 JavaThread "Unconstrained build operations Thread 18" [_thread_blocked, id=9044, stack(0x0000009877600000,0x0000009877700000)]
  0x000002487137cab0 JavaThread "Unconstrained build operations Thread 19" [_thread_blocked, id=2904, stack(0x0000009877700000,0x0000009877800000)]
  0x000002487137def0 JavaThread "Unconstrained build operations Thread 20" [_thread_blocked, id=9920, stack(0x0000009877800000,0x0000009877900000)]
  0x000002487137a230 JavaThread "Unconstrained build operations Thread 21" [_thread_blocked, id=6316, stack(0x0000009877900000,0x0000009877a00000)]
  0x000002487137c5a0 JavaThread "Unconstrained build operations Thread 22" [_thread_blocked, id=4128, stack(0x0000009877b00000,0x0000009877c00000)]
  0x0000024871380770 JavaThread "Unconstrained build operations Thread 23" [_thread_blocked, id=264, stack(0x0000009877c00000,0x0000009877d00000)]
  0x000002487137fd50 JavaThread "Unconstrained build operations Thread 24" [_thread_blocked, id=364, stack(0x0000009877d00000,0x0000009877e00000)]
  0x0000024871381190 JavaThread "Unconstrained build operations Thread 25" [_thread_blocked, id=12272, stack(0x0000009877f00000,0x0000009878000000)]
  0x0000024871380260 JavaThread "Unconstrained build operations Thread 26" [_thread_blocked, id=4488, stack(0x0000009878000000,0x0000009878100000)]
  0x0000024871380c80 JavaThread "Unconstrained build operations Thread 27" [_thread_blocked, id=2216, stack(0x0000009878100000,0x0000009878200000)]
  0x000002487137f330 JavaThread "Unconstrained build operations Thread 28" [_thread_blocked, id=11592, stack(0x0000009878200000,0x0000009878300000)]
  0x000002487137e400 JavaThread "Unconstrained build operations Thread 29" [_thread_blocked, id=5372, stack(0x0000009878300000,0x0000009878400000)]
  0x000002487137e910 JavaThread "Unconstrained build operations Thread 30" [_thread_blocked, id=4024, stack(0x0000009878400000,0x0000009878500000)]
  0x0000024871379d20 JavaThread "Unconstrained build operations Thread 31" [_thread_blocked, id=2380, stack(0x0000009878500000,0x0000009878600000)]
  0x000002487137ee20 JavaThread "Unconstrained build operations Thread 32" [_thread_blocked, id=5668, stack(0x0000009878600000,0x0000009878700000)]
  0x000002487137ac50 JavaThread "Unconstrained build operations Thread 33" [_thread_blocked, id=3136, stack(0x0000009878700000,0x0000009878800000)]
  0x000002487137b160 JavaThread "Unconstrained build operations Thread 34" [_thread_blocked, id=2804, stack(0x0000009878800000,0x0000009878900000)]
  0x000002487137b670 JavaThread "Unconstrained build operations Thread 35" [_thread_blocked, id=11320, stack(0x0000009878900000,0x0000009878a00000)]
  0x000002487137bb80 JavaThread "Unconstrained build operations Thread 36" [_thread_blocked, id=5460, stack(0x0000009878a00000,0x0000009878b00000)]
  0x000002487137c090 JavaThread "Unconstrained build operations Thread 37" [_thread_blocked, id=9180, stack(0x0000009878b00000,0x0000009878c00000)]
  0x000002487137cfc0 JavaThread "jar transforms Thread 2" [_thread_blocked, id=12468, stack(0x0000009878c00000,0x0000009878d00000)]
  0x000002486fd637b0 JavaThread "jar transforms Thread 3" [_thread_blocked, id=9996, stack(0x0000009878d00000,0x0000009878e00000)]
  0x000002486fd66540 JavaThread "Unconstrained build operations Thread 38" [_thread_blocked, id=5312, stack(0x0000009878e00000,0x0000009878f00000)]
  0x000002486fd62d90 JavaThread "Unconstrained build operations Thread 39" [_thread_blocked, id=2616, stack(0x0000009878f00000,0x0000009879000000)]
  0x000002486fd63cc0 JavaThread "Unconstrained build operations Thread 40" [_thread_blocked, id=6908, stack(0x0000009879000000,0x0000009879100000)]
  0x000002486fd641d0 JavaThread "jar transforms Thread 4" [_thread_blocked, id=15032, stack(0x0000009879100000,0x0000009879200000)]

Other Threads:
  0x00000248688101f0 VMThread "VM Thread" [stack: 0x0000009873200000,0x0000009873300000] [id=13268]
  0x0000024846277c80 WatcherThread [stack: 0x0000009873e00000,0x0000009873f00000] [id=10112]
  0x00000248462e1270 GCTaskThread "GC Thread#0" [stack: 0x0000009872d00000,0x0000009872e00000] [id=13516]
  0x0000024868e22d70 GCTaskThread "GC Thread#1" [stack: 0x0000009873f00000,0x0000009874000000] [id=7424]
  0x0000024868e23030 GCTaskThread "GC Thread#2" [stack: 0x0000009874000000,0x0000009874100000] [id=8896]
  0x0000024868e1a340 GCTaskThread "GC Thread#3" [stack: 0x0000009874100000,0x0000009874200000] [id=14360]
  0x00000248462f40f0 ConcurrentGCThread "G1 Main Marker" [stack: 0x0000009872e00000,0x0000009872f00000] [id=13308]
  0x00000248462f51b0 ConcurrentGCThread "G1 Conc#0" [stack: 0x0000009872f00000,0x0000009873000000] [id=13204]
  0x0000024846328d70 ConcurrentGCThread "G1 Refine#0" [stack: 0x0000009873000000,0x0000009873100000] [id=1232]
  0x000002486ebe5b90 ConcurrentGCThread "G1 Refine#1" [stack: 0x0000009875900000,0x0000009875a00000] [id=14256]
  0x00000248463296b0 ConcurrentGCThread "G1 Service" [stack: 0x0000009873100000,0x0000009873200000] [id=2640]

Threads with active compile tasks:
C2 CompilerThread0    52152 11589   !   4       java.util.concurrent.FutureTask::run (123 bytes)

VM state: not at safepoint (normal execution)

VM Mutex/Monitor currently owned by a thread: None

Heap address: 0x0000000700000000, size: 4096 MB, Compressed Oops mode: Zero based, Oop shift amount: 3

CDS archive(s) mapped at: [0x0000024800000000-0x0000024800bd0000-0x0000024800bd0000), size 12386304, SharedBaseAddress: 0x0000024800000000, ArchiveRelocationMode: 1.
Compressed class space mapped at: 0x0000024801000000-0x0000024841000000, reserved size: 1073741824
Narrow klass base: 0x0000024800000000, Narrow klass shift: 0, Narrow klass range: 0x100000000

GC Precious Log:
 CPUs: 4 total, 4 available
 Memory: 16275M
 Large Page Support: Disabled
 NUMA Support: Disabled
 Compressed Oops: Enabled (Zero based)
 Heap Region Size: 2M
 Heap Min Capacity: 8M
 Heap Initial Capacity: 256M
 Heap Max Capacity: 4G
 Pre-touch: Disabled
 Parallel Workers: 4
 Concurrent Workers: 1
 Concurrent Refinement Workers: 4
 Periodic GC: Disabled

Heap:
 garbage-first heap   total 241664K, used 101327K [0x0000000700000000, 0x0000000800000000)
  region size 2048K, 13 young (26624K), 3 survivors (6144K)
 Metaspace       used 78125K, committed 79232K, reserved 1179648K
  class space    used 11051K, committed 11584K, reserved 1048576K

Heap Regions: E=young(eden), S=young(survivor), O=old, HS=humongous(starts), HC=humongous(continues), CS=collection set, F=free, OA=open archive, CA=closed archive, TAMS=top-at-mark-start (previous, next)
|   0|0x0000000700000000, 0x0000000700200000, 0x0000000700200000|100%|HS|  |TAMS 0x0000000700200000, 0x0000000700000000| Complete 
|   1|0x0000000700200000, 0x0000000700400000, 0x0000000700400000|100%|HC|  |TAMS 0x0000000700400000, 0x0000000700200000| Complete 
|   2|0x0000000700400000, 0x0000000700600000, 0x0000000700600000|100%| O|  |TAMS 0x0000000700600000, 0x0000000700400000| Untracked 
|   3|0x0000000700600000, 0x0000000700800000, 0x0000000700800000|100%| O|  |TAMS 0x0000000700800000, 0x0000000700600000| Untracked 
|   4|0x0000000700800000, 0x0000000700a00000, 0x0000000700a00000|100%| O|  |TAMS 0x0000000700a00000, 0x0000000700800000| Untracked 
|   5|0x0000000700a00000, 0x0000000700c00000, 0x0000000700c00000|100%| O|  |TAMS 0x0000000700c00000, 0x0000000700a00000| Untracked 
|   6|0x0000000700c00000, 0x0000000700e00000, 0x0000000700e00000|100%| O|  |TAMS 0x0000000700e00000, 0x0000000700c00000| Untracked 
|   7|0x0000000700e00000, 0x0000000701000000, 0x0000000701000000|100%| O|  |TAMS 0x0000000701000000, 0x0000000700e00000| Untracked 
|   8|0x0000000701000000, 0x0000000701200000, 0x0000000701200000|100%| O|  |TAMS 0x0000000701200000, 0x0000000701000000| Untracked 
|   9|0x0000000701200000, 0x0000000701400000, 0x0000000701400000|100%| O|  |TAMS 0x0000000701400000, 0x0000000701200000| Untracked 
|  10|0x0000000701400000, 0x0000000701593a00, 0x0000000701600000| 78%| O|  |TAMS 0x0000000701593a00, 0x0000000701400000| Untracked 
|  11|0x0000000701600000, 0x0000000701800000, 0x0000000701800000|100%| O|  |TAMS 0x0000000701800000, 0x0000000701600000| Untracked 
|  12|0x0000000701800000, 0x0000000701a00000, 0x0000000701a00000|100%| O|  |TAMS 0x0000000701a00000, 0x0000000701800000| Untracked 
|  13|0x0000000701a00000, 0x0000000701c00000, 0x0000000701c00000|100%| O|  |TAMS 0x0000000701c00000, 0x0000000701a00000| Untracked 
|  14|0x0000000701c00000, 0x0000000701e00000, 0x0000000701e00000|100%| O|  |TAMS 0x0000000701e00000, 0x0000000701c00000| Untracked 
|  15|0x0000000701e00000, 0x0000000702000000, 0x0000000702000000|100%| O|  |TAMS 0x0000000702000000, 0x0000000701e00000| Untracked 
|  16|0x0000000702000000, 0x0000000702200000, 0x0000000702200000|100%| O|  |TAMS 0x0000000702200000, 0x0000000702000000| Untracked 
|  17|0x0000000702200000, 0x0000000702400000, 0x0000000702400000|100%| O|  |TAMS 0x0000000702400000, 0x0000000702200000| Untracked 
|  18|0x0000000702400000, 0x0000000702600000, 0x0000000702600000|100%| O|  |TAMS 0x0000000702600000, 0x0000000702400000| Untracked 
|  19|0x0000000702600000, 0x0000000702800000, 0x0000000702800000|100%| O|  |TAMS 0x0000000702800000, 0x0000000702600000| Untracked 
|  20|0x0000000702800000, 0x0000000702a00000, 0x0000000702a00000|100%| O|  |TAMS 0x0000000702a00000, 0x0000000702800000| Untracked 
|  21|0x0000000702a00000, 0x0000000702a00000, 0x0000000702c00000|  0%| F|  |TAMS 0x0000000702a00000, 0x0000000702a00000| Untracked 
|  22|0x0000000702c00000, 0x0000000702e00000, 0x0000000702e00000|100%| O|  |TAMS 0x0000000702e00000, 0x0000000702c00000| Untracked 
|  23|0x0000000702e00000, 0x0000000703000000, 0x0000000703000000|100%|HS|  |TAMS 0x0000000703000000, 0x0000000702e00000| Complete 
|  24|0x0000000703000000, 0x0000000703200000, 0x0000000703200000|100%|HC|  |TAMS 0x0000000703200000, 0x0000000703000000| Complete 
|  25|0x0000000703200000, 0x0000000703400000, 0x0000000703400000|100%|HS|  |TAMS 0x0000000703400000, 0x0000000703200000| Complete 
|  26|0x0000000703400000, 0x0000000703600000, 0x0000000703600000|100%|HC|  |TAMS 0x0000000703600000, 0x0000000703400000| Complete 
|  27|0x0000000703600000, 0x0000000703800000, 0x0000000703800000|100%| O|  |TAMS 0x0000000703600000, 0x0000000703600000| Untracked 
|  28|0x0000000703800000, 0x0000000703a00000, 0x0000000703a00000|100%| O|  |TAMS 0x0000000703a00000, 0x0000000703800000| Untracked 
|  29|0x0000000703a00000, 0x0000000703c00000, 0x0000000703c00000|100%| O|  |TAMS 0x0000000703c00000, 0x0000000703a00000| Untracked 
|  30|0x0000000703c00000, 0x0000000703e00000, 0x0000000703e00000|100%| O|  |TAMS 0x0000000703e00000, 0x0000000703c00000| Untracked 
|  31|0x0000000703e00000, 0x0000000704000000, 0x0000000704000000|100%| O|  |TAMS 0x0000000704000000, 0x0000000703e00000| Untracked 
|  32|0x0000000704000000, 0x0000000704200000, 0x0000000704200000|100%| O|  |TAMS 0x0000000704200000, 0x0000000704000000| Untracked 
|  33|0x0000000704200000, 0x0000000704400000, 0x0000000704400000|100%| O|  |TAMS 0x0000000704400000, 0x0000000704200000| Untracked 
|  34|0x0000000704400000, 0x0000000704600000, 0x0000000704600000|100%| O|  |TAMS 0x0000000704400000, 0x0000000704400000| Untracked 
|  35|0x0000000704600000, 0x0000000704800000, 0x0000000704800000|100%| O|  |TAMS 0x0000000704600000, 0x0000000704600000| Untracked 
|  36|0x0000000704800000, 0x0000000704a00000, 0x0000000704a00000|100%| O|  |TAMS 0x0000000704800000, 0x0000000704800000| Untracked 
|  37|0x0000000704a00000, 0x0000000704c00000, 0x0000000704c00000|100%| O|  |TAMS 0x0000000704a00000, 0x0000000704a00000| Untracked 
|  38|0x0000000704c00000, 0x0000000704e00000, 0x0000000704e00000|100%| O|  |TAMS 0x0000000704c00000, 0x0000000704c00000| Untracked 
|  39|0x0000000704e00000, 0x0000000705000000, 0x0000000705000000|100%| O|  |TAMS 0x0000000704e00000, 0x0000000704e00000| Untracked 
|  40|0x0000000705000000, 0x00000007050eea00, 0x0000000705200000| 46%| O|  |TAMS 0x0000000705000000, 0x0000000705000000| Untracked 
|  41|0x0000000705200000, 0x0000000705200000, 0x0000000705400000|  0%| F|  |TAMS 0x0000000705200000, 0x0000000705200000| Untracked 
|  42|0x0000000705400000, 0x0000000705400000, 0x0000000705600000|  0%| F|  |TAMS 0x0000000705400000, 0x0000000705400000| Untracked 
|  43|0x0000000705600000, 0x0000000705600000, 0x0000000705800000|  0%| F|  |TAMS 0x0000000705600000, 0x0000000705600000| Untracked 
|  44|0x0000000705800000, 0x0000000705800000, 0x0000000705a00000|  0%| F|  |TAMS 0x0000000705800000, 0x0000000705800000| Untracked 
|  45|0x0000000705a00000, 0x0000000705a00000, 0x0000000705c00000|  0%| F|  |TAMS 0x0000000705a00000, 0x0000000705a00000| Untracked 
|  46|0x0000000705c00000, 0x0000000705c00000, 0x0000000705e00000|  0%| F|  |TAMS 0x0000000705c00000, 0x0000000705c00000| Untracked 
|  47|0x0000000705e00000, 0x0000000705e00000, 0x0000000706000000|  0%| F|  |TAMS 0x0000000705e00000, 0x0000000705e00000| Untracked 
|  48|0x0000000706000000, 0x0000000706000000, 0x0000000706200000|  0%| F|  |TAMS 0x0000000706000000, 0x0000000706000000| Untracked 
|  49|0x0000000706200000, 0x0000000706200000, 0x0000000706400000|  0%| F|  |TAMS 0x0000000706200000, 0x0000000706200000| Untracked 
|  50|0x0000000706400000, 0x0000000706400000, 0x0000000706600000|  0%| F|  |TAMS 0x0000000706400000, 0x0000000706400000| Untracked 
|  51|0x0000000706600000, 0x0000000706600000, 0x0000000706800000|  0%| F|  |TAMS 0x0000000706600000, 0x0000000706600000| Untracked 
|  52|0x0000000706800000, 0x0000000706800000, 0x0000000706a00000|  0%| F|  |TAMS 0x0000000706800000, 0x0000000706800000| Untracked 
|  53|0x0000000706a00000, 0x0000000706a00000, 0x0000000706c00000|  0%| F|  |TAMS 0x0000000706a00000, 0x0000000706a00000| Untracked 
|  54|0x0000000706c00000, 0x0000000706c00000, 0x0000000706e00000|  0%| F|  |TAMS 0x0000000706c00000, 0x0000000706c00000| Untracked 
|  55|0x0000000706e00000, 0x0000000706e00000, 0x0000000707000000|  0%| F|  |TAMS 0x0000000706e00000, 0x0000000706e00000| Untracked 
|  56|0x0000000707000000, 0x0000000707000000, 0x0000000707200000|  0%| F|  |TAMS 0x0000000707000000, 0x0000000707000000| Untracked 
|  57|0x0000000707200000, 0x0000000707200000, 0x0000000707400000|  0%| F|  |TAMS 0x0000000707200000, 0x0000000707200000| Untracked 
|  58|0x0000000707400000, 0x0000000707400000, 0x0000000707600000|  0%| F|  |TAMS 0x0000000707400000, 0x0000000707400000| Untracked 
|  59|0x0000000707600000, 0x0000000707600000, 0x0000000707800000|  0%| F|  |TAMS 0x0000000707600000, 0x0000000707600000| Untracked 
|  60|0x0000000707800000, 0x0000000707800000, 0x0000000707a00000|  0%| F|  |TAMS 0x0000000707800000, 0x0000000707800000| Untracked 
|  61|0x0000000707a00000, 0x0000000707a00000, 0x0000000707c00000|  0%| F|  |TAMS 0x0000000707a00000, 0x0000000707a00000| Untracked 
|  62|0x0000000707c00000, 0x0000000707c00000, 0x0000000707e00000|  0%| F|  |TAMS 0x0000000707c00000, 0x0000000707c00000| Untracked 
|  63|0x0000000707e00000, 0x0000000707e00000, 0x0000000708000000|  0%| F|  |TAMS 0x0000000707e00000, 0x0000000707e00000| Untracked 
|  64|0x0000000708000000, 0x00000007080719d0, 0x0000000708200000| 22%| S|CS|TAMS 0x0000000708000000, 0x0000000708000000| Complete 
|  65|0x0000000708200000, 0x0000000708400000, 0x0000000708400000|100%| S|CS|TAMS 0x0000000708200000, 0x0000000708200000| Complete 
|  66|0x0000000708400000, 0x0000000708600000, 0x0000000708600000|100%| S|CS|TAMS 0x0000000708400000, 0x0000000708400000| Complete 
|  67|0x0000000708600000, 0x0000000708600000, 0x0000000708800000|  0%| F|  |TAMS 0x0000000708600000, 0x0000000708600000| Untracked 
|  68|0x0000000708800000, 0x0000000708800000, 0x0000000708a00000|  0%| F|  |TAMS 0x0000000708800000, 0x0000000708800000| Untracked 
|  69|0x0000000708a00000, 0x0000000708a00000, 0x0000000708c00000|  0%| F|  |TAMS 0x0000000708a00000, 0x0000000708a00000| Untracked 
|  70|0x0000000708c00000, 0x0000000708c00000, 0x0000000708e00000|  0%| F|  |TAMS 0x0000000708c00000, 0x0000000708c00000| Untracked 
|  71|0x0000000708e00000, 0x0000000708e00000, 0x0000000709000000|  0%| F|  |TAMS 0x0000000708e00000, 0x0000000708e00000| Untracked 
|  72|0x0000000709000000, 0x0000000709000000, 0x0000000709200000|  0%| F|  |TAMS 0x0000000709000000, 0x0000000709000000| Untracked 
|  73|0x0000000709200000, 0x0000000709200000, 0x0000000709400000|  0%| F|  |TAMS 0x0000000709200000, 0x0000000709200000| Untracked 
|  74|0x0000000709400000, 0x0000000709400000, 0x0000000709600000|  0%| F|  |TAMS 0x0000000709400000, 0x0000000709400000| Untracked 
|  75|0x0000000709600000, 0x0000000709600000, 0x0000000709800000|  0%| F|  |TAMS 0x0000000709600000, 0x0000000709600000| Untracked 
|  76|0x0000000709800000, 0x0000000709800000, 0x0000000709a00000|  0%| F|  |TAMS 0x0000000709800000, 0x0000000709800000| Untracked 
|  77|0x0000000709a00000, 0x0000000709a00000, 0x0000000709c00000|  0%| F|  |TAMS 0x0000000709a00000, 0x0000000709a00000| Untracked 
|  78|0x0000000709c00000, 0x0000000709c00000, 0x0000000709e00000|  0%| F|  |TAMS 0x0000000709c00000, 0x0000000709c00000| Untracked 
|  79|0x0000000709e00000, 0x0000000709e00000, 0x000000070a000000|  0%| F|  |TAMS 0x0000000709e00000, 0x0000000709e00000| Untracked 
|  80|0x000000070a000000, 0x000000070a000000, 0x000000070a200000|  0%| F|  |TAMS 0x000000070a000000, 0x000000070a000000| Untracked 
|  81|0x000000070a200000, 0x000000070a200000, 0x000000070a400000|  0%| F|  |TAMS 0x000000070a200000, 0x000000070a200000| Untracked 
|  82|0x000000070a400000, 0x000000070a400000, 0x000000070a600000|  0%| F|  |TAMS 0x000000070a400000, 0x000000070a400000| Untracked 
|  83|0x000000070a600000, 0x000000070a600000, 0x000000070a800000|  0%| F|  |TAMS 0x000000070a600000, 0x000000070a600000| Untracked 
|  84|0x000000070a800000, 0x000000070a800000, 0x000000070aa00000|  0%| F|  |TAMS 0x000000070a800000, 0x000000070a800000| Untracked 
|  85|0x000000070aa00000, 0x000000070aa00000, 0x000000070ac00000|  0%| F|  |TAMS 0x000000070aa00000, 0x000000070aa00000| Untracked 
|  86|0x000000070ac00000, 0x000000070ac00000, 0x000000070ae00000|  0%| F|  |TAMS 0x000000070ac00000, 0x000000070ac00000| Untracked 
|  87|0x000000070ae00000, 0x000000070ae00000, 0x000000070b000000|  0%| F|  |TAMS 0x000000070ae00000, 0x000000070ae00000| Untracked 
|  88|0x000000070b000000, 0x000000070b000000, 0x000000070b200000|  0%| F|  |TAMS 0x000000070b000000, 0x000000070b000000| Untracked 
|  89|0x000000070b200000, 0x000000070b200000, 0x000000070b400000|  0%| F|  |TAMS 0x000000070b200000, 0x000000070b200000| Untracked 
|  90|0x000000070b400000, 0x000000070b400000, 0x000000070b600000|  0%| F|  |TAMS 0x000000070b400000, 0x000000070b400000| Untracked 
|  91|0x000000070b600000, 0x000000070b600000, 0x000000070b800000|  0%| F|  |TAMS 0x000000070b600000, 0x000000070b600000| Untracked 
|  92|0x000000070b800000, 0x000000070b800000, 0x000000070ba00000|  0%| F|  |TAMS 0x000000070b800000, 0x000000070b800000| Untracked 
|  93|0x000000070ba00000, 0x000000070ba00000, 0x000000070bc00000|  0%| F|  |TAMS 0x000000070ba00000, 0x000000070ba00000| Untracked 
|  94|0x000000070bc00000, 0x000000070bc00000, 0x000000070be00000|  0%| F|  |TAMS 0x000000070bc00000, 0x000000070bc00000| Untracked 
|  95|0x000000070be00000, 0x000000070be00000, 0x000000070c000000|  0%| F|  |TAMS 0x000000070be00000, 0x000000070be00000| Untracked 
|  96|0x000000070c000000, 0x000000070c000000, 0x000000070c200000|  0%| F|  |TAMS 0x000000070c000000, 0x000000070c000000| Untracked 
|  97|0x000000070c200000, 0x000000070c200000, 0x000000070c400000|  0%| F|  |TAMS 0x000000070c200000, 0x000000070c200000| Untracked 
|  98|0x000000070c400000, 0x000000070c400000, 0x000000070c600000|  0%| F|  |TAMS 0x000000070c400000, 0x000000070c400000| Untracked 
|  99|0x000000070c600000, 0x000000070c600000, 0x000000070c800000|  0%| F|  |TAMS 0x000000070c600000, 0x000000070c600000| Untracked 
| 100|0x000000070c800000, 0x000000070c800000, 0x000000070ca00000|  0%| F|  |TAMS 0x000000070c800000, 0x000000070c800000| Untracked 
| 101|0x000000070ca00000, 0x000000070ca00000, 0x000000070cc00000|  0%| F|  |TAMS 0x000000070ca00000, 0x000000070ca00000| Untracked 
| 102|0x000000070cc00000, 0x000000070cc00000, 0x000000070ce00000|  0%| F|  |TAMS 0x000000070cc00000, 0x000000070cc00000| Untracked 
| 103|0x000000070ce00000, 0x000000070ce00000, 0x000000070d000000|  0%| F|  |TAMS 0x000000070ce00000, 0x000000070ce00000| Untracked 
| 104|0x000000070d000000, 0x000000070d000000, 0x000000070d200000|  0%| F|  |TAMS 0x000000070d000000, 0x000000070d000000| Untracked 
| 105|0x000000070d200000, 0x000000070d200000, 0x000000070d400000|  0%| F|  |TAMS 0x000000070d200000, 0x000000070d200000| Untracked 
| 106|0x000000070d400000, 0x000000070d400000, 0x000000070d600000|  0%| F|  |TAMS 0x000000070d400000, 0x000000070d400000| Untracked 
| 107|0x000000070d600000, 0x000000070d600000, 0x000000070d800000|  0%| F|  |TAMS 0x000000070d600000, 0x000000070d600000| Untracked 
| 108|0x000000070d800000, 0x000000070d8e2ab8, 0x000000070da00000| 44%| E|  |TAMS 0x000000070d800000, 0x000000070d800000| Complete 
| 109|0x000000070da00000, 0x000000070dc00000, 0x000000070dc00000|100%| E|CS|TAMS 0x000000070da00000, 0x000000070da00000| Complete 
| 110|0x000000070dc00000, 0x000000070de00000, 0x000000070de00000|100%| E|  |TAMS 0x000000070dc00000, 0x000000070dc00000| Complete 
| 111|0x000000070de00000, 0x000000070e000000, 0x000000070e000000|100%| E|CS|TAMS 0x000000070de00000, 0x000000070de00000| Complete 
| 112|0x000000070e000000, 0x000000070e200000, 0x000000070e200000|100%| E|CS|TAMS 0x000000070e000000, 0x000000070e000000| Complete 
| 113|0x000000070e200000, 0x000000070e400000, 0x000000070e400000|100%| E|CS|TAMS 0x000000070e200000, 0x000000070e200000| Complete 
| 114|0x000000070e400000, 0x000000070e600000, 0x000000070e600000|100%| E|CS|TAMS 0x000000070e400000, 0x000000070e400000| Complete 
| 115|0x000000070e600000, 0x000000070e800000, 0x000000070e800000|100%| E|CS|TAMS 0x000000070e600000, 0x000000070e600000| Complete 
| 116|0x000000070e800000, 0x000000070ea00000, 0x000000070ea00000|100%| E|CS|TAMS 0x000000070e800000, 0x000000070e800000| Complete 
| 117|0x000000070ea00000, 0x000000070ec00000, 0x000000070ec00000|100%| E|CS|TAMS 0x000000070ea00000, 0x000000070ea00000| Complete 

Card table byte_map: [0x000002485d570000,0x000002485dd70000] _byte_map_base: 0x0000024859d70000

Marking Bits (Prev, Next): (CMBitMap*) 0x00000248462e27f0, (CMBitMap*) 0x00000248462e27b0
 Prev Bits: [0x0000024862570000, 0x0000024866570000)
 Next Bits: [0x000002485e570000, 0x0000024862570000)

Polling page: 0x0000024844050000

Metaspace:

Usage:
  Non-class:     65.50 MB used.
      Class:     10.79 MB used.
       Both:     76.29 MB used.

Virtual space:
  Non-class space:      128.00 MB reserved,      66.06 MB ( 52%) committed,  2 nodes.
      Class space:        1.00 GB reserved,      11.31 MB (  1%) committed,  1 nodes.
             Both:        1.12 GB reserved,      77.38 MB (  7%) committed. 

Chunk freelists:
   Non-Class:  13.31 MB
       Class:  4.65 MB
        Both:  17.96 MB

MaxMetaspaceSize: unlimited
CompressedClassSpaceSize: 1.00 GB
Initial GC threshold: 21.00 MB
Current GC threshold: 123.56 MB
CDS: on
MetaspaceReclaimPolicy: balanced
 - commit_granule_bytes: 65536.
 - commit_granule_words: 8192.
 - virtual_space_node_default_size: 8388608.
 - enlarge_chunks_in_place: 1.
 - new_chunks_are_fully_committed: 0.
 - uncommit_free_chunks: 1.
 - use_allocation_guard: 0.
 - handle_deallocations: 1.


Internal statistics:

num_allocs_failed_limit: 6.
num_arena_births: 1490.
num_arena_deaths: 0.
num_vsnodes_births: 3.
num_vsnodes_deaths: 0.
num_space_committed: 1238.
num_space_uncommitted: 0.
num_chunks_returned_to_freelist: 6.
num_chunks_taken_from_freelist: 4922.
num_chunk_merges: 3.
num_chunk_splits: 3112.
num_chunks_enlarged: 1864.
num_inconsistent_stats: 0.

CodeHeap 'non-profiled nmethods': size=120000Kb used=5923Kb max_used=6027Kb free=114076Kb
 bounds [0x0000024855840000, 0x0000024855e30000, 0x000002485cd70000]
CodeHeap 'profiled nmethods': size=120000Kb used=19033Kb max_used=20722Kb free=100966Kb
 bounds [0x000002484dd70000, 0x000002484f1b0000, 0x00000248552a0000]
CodeHeap 'non-nmethods': size=5760Kb used=1742Kb max_used=1812Kb free=4017Kb
 bounds [0x00000248552a0000, 0x0000024855510000, 0x0000024855840000]
 total_blobs=10781 nmethods=9944 adapters=749
 compilation: enabled
              stopped_count=0, restarted_count=0
 full_count=0

Compilation events (20 events):
Event: 51.872 Thread 0x00000248688391d0 nmethod 11580 0x000002484e6ee610 code [0x000002484e6ee7e0, 0x000002484e6ee9d8]
Event: 51.873 Thread 0x00000248688388c0 11581       4       java.nio.ByteBuffer::order (48 bytes)
Event: 51.873 Thread 0x00000248688388c0 nmethod 11581 0x0000024855b22b90 code [0x0000024855b22d00, 0x0000024855b22db8]
Event: 51.873 Thread 0x00000248688388c0 11582       4       java.security.MessageDigest$Delegate::clone (51 bytes)
Event: 51.873 Thread 0x00000248688391d0 11584       3       org.gradle.internal.snapshot.RegularFileSnapshot::accept (8 bytes)
Event: 51.874 Thread 0x00000248688391d0 nmethod 11584 0x000002484e7cfe10 code [0x000002484e7cffc0, 0x000002484e7d01a8]
Event: 51.874 Thread 0x00000248688391d0 11585       3       org.gradle.api.internal.changedetection.state.DefaultResourceSnapshotterCacheService::hashFile (19 bytes)
Event: 51.874 Thread 0x00000248688391d0 nmethod 11585 0x000002484e21d610 code [0x000002484e21d820, 0x000002484e21dfd8]
Event: 51.874 Thread 0x00000248688391d0 11586       3       org.gradle.api.internal.changedetection.state.DefaultResourceSnapshotterCacheService$$Lambda$1036/0x00000248016f8438::<init> (15 bytes)
Event: 51.875 Thread 0x00000248688391d0 nmethod 11586 0x000002484e984f10 code [0x000002484e9850c0, 0x000002484e9852f8]
Event: 51.875 Thread 0x00000248688391d0 11587       3       org.gradle.api.internal.changedetection.state.DefaultResourceSnapshotterCacheService::hashFile (98 bytes)
Event: 51.876 Thread 0x00000248688391d0 nmethod 11587 0x000002484de7dc90 code [0x000002484de7e080, 0x000002484de80098]
Event: 51.876 Thread 0x00000248688391d0 11588       3       org.gradle.api.internal.changedetection.state.DefaultResourceSnapshotterCacheService::resourceHashCacheKey (25 bytes)
Event: 51.877 Thread 0x00000248688391d0 nmethod 11588 0x000002484e7c0890 code [0x000002484e7c0be0, 0x000002484e7c2318]
Event: 51.881 Thread 0x00000248688388c0 nmethod 11582 0x0000024855b21d90 code [0x0000024855b21f40, 0x0000024855b22878]
Event: 51.881 Thread 0x00000248688388c0 11583       4       org.gradle.internal.hash.HashCode$HashCode128::hashCode (6 bytes)
Event: 51.881 Thread 0x00000248688388c0 nmethod 11583 0x0000024855b21a90 code [0x0000024855b21c00, 0x0000024855b21c78]
Event: 51.882 Thread 0x00000248688388c0 11589   !   4       java.util.concurrent.FutureTask::run (123 bytes)
Event: 51.884 Thread 0x00000248688391d0 11591       3       org.gradle.internal.fingerprint.impl.IgnoredPathFileSystemLocationFingerprint::appendToHasher (11 bytes)
Event: 51.884 Thread 0x00000248688391d0 nmethod 11591 0x000002484e280690 code [0x000002484e280880, 0x000002484e280e58]

GC Heap History (20 events):
Event: 20.045 GC heap before
{Heap before GC invocations=27 (full 0):
 garbage-first heap   total 112640K, used 62346K [0x0000000700000000, 0x0000000800000000)
  region size 2048K, 3 young (6144K), 2 survivors (4096K)
 Metaspace       used 66406K, committed 67264K, reserved 1114112K
  class space    used 9397K, committed 9792K, reserved 1048576K
}
Event: 20.049 GC heap after
{Heap after GC invocations=28 (full 0):
 garbage-first heap   total 112640K, used 59962K [0x0000000700000000, 0x0000000800000000)
  region size 2048K, 1 young (2048K), 1 survivors (2048K)
 Metaspace       used 66406K, committed 67264K, reserved 1114112K
  class space    used 9397K, committed 9792K, reserved 1048576K
}
Event: 20.588 GC heap before
{Heap before GC invocations=28 (full 0):
 garbage-first heap   total 112640K, used 90682K [0x0000000700000000, 0x0000000800000000)
  region size 2048K, 16 young (32768K), 1 survivors (2048K)
 Metaspace       used 68019K, committed 68864K, reserved 1114112K
  class space    used 9644K, committed 10048K, reserved 1048576K
}
Event: 20.591 GC heap after
{Heap after GC invocations=29 (full 0):
 garbage-first heap   total 112640K, used 60511K [0x0000000700000000, 0x0000000800000000)
  region size 2048K, 1 young (2048K), 1 survivors (2048K)
 Metaspace       used 68019K, committed 68864K, reserved 1114112K
  class space    used 9644K, committed 10048K, reserved 1048576K
}
Event: 21.230 GC heap before
{Heap before GC invocations=30 (full 0):
 garbage-first heap   total 112640K, used 91231K [0x0000000700000000, 0x0000000800000000)
  region size 2048K, 16 young (32768K), 1 survivors (2048K)
 Metaspace       used 69722K, committed 70528K, reserved 1114112K
  class space    used 9893K, committed 10304K, reserved 1048576K
}
Event: 21.234 GC heap after
{Heap after GC invocations=31 (full 0):
 garbage-first heap   total 112640K, used 63008K [0x0000000700000000, 0x0000000800000000)
  region size 2048K, 2 young (4096K), 2 survivors (4096K)
 Metaspace       used 69722K, committed 70528K, reserved 1114112K
  class space    used 9893K, committed 10304K, reserved 1048576K
}
Event: 21.869 GC heap before
{Heap before GC invocations=31 (full 0):
 garbage-first heap   total 112640K, used 91680K [0x0000000700000000, 0x0000000800000000)
  region size 2048K, 16 young (32768K), 2 survivors (4096K)
 Metaspace       used 71431K, committed 72256K, reserved 1114112K
  class space    used 10110K, committed 10496K, reserved 1048576K
}
Event: 21.874 GC heap after
{Heap after GC invocations=32 (full 0):
 garbage-first heap   total 112640K, used 66213K [0x0000000700000000, 0x0000000800000000)
  region size 2048K, 2 young (4096K), 2 survivors (4096K)
 Metaspace       used 71431K, committed 72256K, reserved 1114112K
  class space    used 10110K, committed 10496K, reserved 1048576K
}
Event: 22.752 GC heap before
{Heap before GC invocations=33 (full 0):
 garbage-first heap   total 120832K, used 90789K [0x0000000700000000, 0x0000000800000000)
  region size 2048K, 14 young (28672K), 2 survivors (4096K)
 Metaspace       used 72082K, committed 72960K, reserved 1114112K
  class space    used 10170K, committed 10560K, reserved 1048576K
}
Event: 22.757 GC heap after
{Heap after GC invocations=34 (full 0):
 garbage-first heap   total 120832K, used 68551K [0x0000000700000000, 0x0000000800000000)
  region size 2048K, 2 young (4096K), 2 survivors (4096K)
 Metaspace       used 72082K, committed 72960K, reserved 1114112K
  class space    used 10170K, committed 10560K, reserved 1048576K
}
Event: 22.796 GC heap before
{Heap before GC invocations=34 (full 0):
 garbage-first heap   total 120832K, used 70599K [0x0000000700000000, 0x0000000800000000)
  region size 2048K, 3 young (6144K), 2 survivors (4096K)
 Metaspace       used 72338K, committed 73280K, reserved 1114112K
  class space    used 10195K, committed 10624K, reserved 1048576K
}
Event: 22.800 GC heap after
{Heap after GC invocations=35 (full 0):
 garbage-first heap   total 120832K, used 67893K [0x0000000700000000, 0x0000000800000000)
  region size 2048K, 1 young (2048K), 1 survivors (2048K)
 Metaspace       used 72338K, committed 73280K, reserved 1114112K
  class space    used 10195K, committed 10624K, reserved 1048576K
}
Event: 23.523 GC heap before
{Heap before GC invocations=35 (full 0):
 garbage-first heap   total 120832K, used 96565K [0x0000000700000000, 0x0000000800000000)
  region size 2048K, 15 young (30720K), 1 survivors (2048K)
 Metaspace       used 74598K, committed 75584K, reserved 1114112K
  class space    used 10602K, committed 11072K, reserved 1048576K
}
Event: 23.527 GC heap after
{Heap after GC invocations=36 (full 0):
 garbage-first heap   total 241664K, used 69248K [0x0000000700000000, 0x0000000800000000)
  region size 2048K, 2 young (4096K), 2 survivors (4096K)
 Metaspace       used 74598K, committed 75584K, reserved 1114112K
  class space    used 10602K, committed 11072K, reserved 1048576K
}
Event: 48.593 GC heap before
{Heap before GC invocations=37 (full 0):
 garbage-first heap   total 241664K, used 181888K [0x0000000700000000, 0x0000000800000000)
  region size 2048K, 58 young (118784K), 2 survivors (4096K)
 Metaspace       used 78053K, committed 79168K, reserved 1179648K
  class space    used 11050K, committed 11584K, reserved 1048576K
}
Event: 48.609 GC heap after
{Heap after GC invocations=38 (full 0):
 garbage-first heap   total 241664K, used 81486K [0x0000000700000000, 0x0000000800000000)
  region size 2048K, 7 young (14336K), 7 survivors (14336K)
 Metaspace       used 78053K, committed 79168K, reserved 1179648K
  class space    used 11050K, committed 11584K, reserved 1048576K
}
Event: 48.765 GC heap before
{Heap before GC invocations=38 (full 0):
 garbage-first heap   total 241664K, used 83534K [0x0000000700000000, 0x0000000800000000)
  region size 2048K, 8 young (16384K), 7 survivors (14336K)
 Metaspace       used 78055K, committed 79168K, reserved 1179648K
  class space    used 11050K, committed 11584K, reserved 1048576K
}
Event: 48.781 GC heap after
{Heap after GC invocations=39 (full 0):
 garbage-first heap   total 241664K, used 82441K [0x0000000700000000, 0x0000000800000000)
  region size 2048K, 1 young (2048K), 1 survivors (2048K)
 Metaspace       used 78055K, committed 79168K, reserved 1179648K
  class space    used 11050K, committed 11584K, reserved 1048576K
}
Event: 51.767 GC heap before
{Heap before GC invocations=39 (full 0):
 garbage-first heap   total 241664K, used 182793K [0x0000000700000000, 0x0000000800000000)
  region size 2048K, 51 young (104448K), 1 survivors (2048K)
 Metaspace       used 78105K, committed 79168K, reserved 1179648K
  class space    used 11050K, committed 11584K, reserved 1048576K
}
Event: 51.772 GC heap after
{Heap after GC invocations=40 (full 0):
 garbage-first heap   total 241664K, used 84943K [0x0000000700000000, 0x0000000800000000)
  region size 2048K, 3 young (6144K), 3 survivors (6144K)
 Metaspace       used 78105K, committed 79168K, reserved 1179648K
  class space    used 11050K, committed 11584K, reserved 1048576K
}

Dll operation events (14 events):
Event: 0.013 Loaded shared library C:\Program Files\Microsoft\jdk-17.0.8.7-hotspot\bin\java.dll
Event: 0.031 Loaded shared library C:\Program Files\Microsoft\jdk-17.0.8.7-hotspot\bin\jsvml.dll
Event: 0.072 Loaded shared library C:\Program Files\Microsoft\jdk-17.0.8.7-hotspot\bin\zip.dll
Event: 0.079 Loaded shared library C:\Program Files\Microsoft\jdk-17.0.8.7-hotspot\bin\instrument.dll
Event: 0.084 Loaded shared library C:\Program Files\Microsoft\jdk-17.0.8.7-hotspot\bin\net.dll
Event: 0.085 Loaded shared library C:\Program Files\Microsoft\jdk-17.0.8.7-hotspot\bin\nio.dll
Event: 0.087 Loaded shared library C:\Program Files\Microsoft\jdk-17.0.8.7-hotspot\bin\zip.dll
Event: 0.450 Loaded shared library C:\Program Files\Microsoft\jdk-17.0.8.7-hotspot\bin\jimage.dll
Event: 0.816 Loaded shared library C:\Program Files\Microsoft\jdk-17.0.8.7-hotspot\bin\verify.dll
Event: 0.862 Loaded shared library C:\Users\pc\.gradle\native\1def1411415f61bf3af743bc5b6707747c0891f09f0c88961ee8f79bc544acac\windows-amd64\native-platform.dll
Event: 0.885 Loaded shared library C:\Users\pc\.gradle\native\0.2.8\x86_64-windows-gnu\gradle-fileevents.dll
Event: 2.439 Loaded shared library C:\Program Files\Microsoft\jdk-17.0.8.7-hotspot\bin\management.dll
Event: 2.442 Loaded shared library C:\Program Files\Microsoft\jdk-17.0.8.7-hotspot\bin\management_ext.dll
Event: 3.030 Loaded shared library C:\Program Files\Microsoft\jdk-17.0.8.7-hotspot\bin\sunmscapi.dll

Deoptimization events (20 events):
Event: 50.586 Thread 0x0000024870362e10 DEOPT PACKING pc=0x000002485589e4ec sp=0x00000098765fe0e0
Event: 50.586 Thread 0x00000248703614c0 DEOPT PACKING pc=0x000002485589e4ec sp=0x00000098767fdcc0
Event: 50.586 Thread 0x0000024870362e10 DEOPT UNPACKING pc=0x00000248552f69a3 sp=0x00000098765fe038 mode 2
Event: 50.586 Thread 0x00000248703614c0 DEOPT UNPACKING pc=0x00000248552f69a3 sp=0x00000098767fdc18 mode 2
Event: 50.586 Thread 0x0000024870362e10 Uncommon trap: trap_request=0xffffffde fr.pc=0x000002485589e4ec relative=0x00000000000002cc
Event: 50.586 Thread 0x0000024870362e10 Uncommon trap: reason=class_check action=maybe_recompile pc=0x000002485589e4ec method=java.util.concurrent.ConcurrentHashMap.get(Ljava/lang/Object;)Ljava/lang/Object; @ 93 c2
Event: 50.586 Thread 0x0000024870362e10 DEOPT PACKING pc=0x000002485589e4ec sp=0x00000098765fe0e0
Event: 50.586 Thread 0x0000024870362e10 DEOPT UNPACKING pc=0x00000248552f69a3 sp=0x00000098765fe038 mode 2
Event: 50.596 Thread 0x00000248703614c0 Uncommon trap: trap_request=0xffffffde fr.pc=0x000002485589e4ec relative=0x00000000000002cc
Event: 50.596 Thread 0x00000248703614c0 Uncommon trap: reason=class_check action=maybe_recompile pc=0x000002485589e4ec method=java.util.concurrent.ConcurrentHashMap.get(Ljava/lang/Object;)Ljava/lang/Object; @ 93 c2
Event: 50.596 Thread 0x00000248703614c0 DEOPT PACKING pc=0x000002485589e4ec sp=0x00000098767fdcc0
Event: 50.596 Thread 0x00000248703614c0 DEOPT UNPACKING pc=0x00000248552f69a3 sp=0x00000098767fdc18 mode 2
Event: 50.850 Thread 0x0000024870362900 Uncommon trap: trap_request=0xffffffd6 fr.pc=0x0000024855935f68 relative=0x0000000000001d88
Event: 50.850 Thread 0x0000024870362900 Uncommon trap: reason=array_check action=maybe_recompile pc=0x0000024855935f68 method=java.util.TimSort.reverseRange([Ljava/lang/Object;II)V @ 27 c2
Event: 50.850 Thread 0x0000024870362900 DEOPT PACKING pc=0x0000024855935f68 sp=0x00000098766fd470
Event: 50.850 Thread 0x0000024870362900 DEOPT UNPACKING pc=0x00000248552f69a3 sp=0x00000098766fd2d0 mode 2
Event: 50.850 Thread 0x0000024870362900 Uncommon trap: trap_request=0xffffffd6 fr.pc=0x0000024855935f68 relative=0x0000000000001d88
Event: 50.850 Thread 0x0000024870362900 Uncommon trap: reason=array_check action=maybe_recompile pc=0x0000024855935f68 method=java.util.TimSort.reverseRange([Ljava/lang/Object;II)V @ 27 c2
Event: 50.850 Thread 0x0000024870362900 DEOPT PACKING pc=0x0000024855935f68 sp=0x00000098766fd470
Event: 50.850 Thread 0x0000024870362900 DEOPT UNPACKING pc=0x00000248552f69a3 sp=0x00000098766fd2d0 mode 2

Classes unloaded (0 events):
No events

Classes redefined (0 events):
No events

Internal exceptions (20 events):
Event: 42.970 Thread 0x000002486e6cc9d0 Exception <a 'java/lang/ClassNotFoundException'{0x000000070af336f8}: org/gradle/api/internal/DefaultNamedDomainObjectListBeanInfo> (0x000000070af336f8) 
thrown [s\src\hotspot\share\classfile\systemDictionary.cpp, line 256]
Event: 42.971 Thread 0x000002486e6cc9d0 Exception <a 'java/lang/ClassNotFoundException'{0x000000070af49da8}: org/gradle/api/internal/DefaultNamedDomainObjectCollectionBeanInfo> (0x000000070af49da8) 
thrown [s\src\hotspot\share\classfile\systemDictionary.cpp, line 256]
Event: 42.971 Thread 0x000002486e6cc9d0 Exception <a 'java/lang/ClassNotFoundException'{0x000000070af601a8}: org/gradle/api/internal/DefaultDomainObjectCollectionBeanInfo> (0x000000070af601a8) 
thrown [s\src\hotspot\share\classfile\systemDictionary.cpp, line 256]
Event: 42.971 Thread 0x000002486e6cc9d0 Exception <a 'java/lang/ClassNotFoundException'{0x000000070af67f90}: java/util/AbstractCollectionBeanInfo> (0x000000070af67f90) 
thrown [s\src\hotspot\share\classfile\systemDictionary.cpp, line 256]
Event: 42.972 Thread 0x000002486e6cc9d0 Exception <a 'java/lang/ClassNotFoundException'{0x000000070af6fd40}: java/util/AbstractCollectionCustomizer> (0x000000070af6fd40) 
thrown [s\src\hotspot\share\classfile\systemDictionary.cpp, line 256]
Event: 42.973 Thread 0x000002486e6cc9d0 Exception <a 'java/lang/ClassNotFoundException'{0x000000070af8f690}: org/gradle/api/internal/DefaultDomainObjectCollectionCustomizer> (0x000000070af8f690) 
thrown [s\src\hotspot\share\classfile\systemDictionary.cpp, line 256]
Event: 42.976 Thread 0x000002486e6cc9d0 Exception <a 'java/lang/ClassNotFoundException'{0x000000070afc7518}: org/gradle/api/internal/DefaultNamedDomainObjectCollectionCustomizer> (0x000000070afc7518) 
thrown [s\src\hotspot\share\classfile\systemDictionary.cpp, line 256]
Event: 42.978 Thread 0x000002486e6cc9d0 Exception <a 'java/lang/ClassNotFoundException'{0x000000070ac070b0}: org/gradle/api/internal/DefaultNamedDomainObjectListCustomizer> (0x000000070ac070b0) 
thrown [s\src\hotspot\share\classfile\systemDictionary.cpp, line 256]
Event: 42.980 Thread 0x000002486e6cc9d0 Exception <a 'java/lang/ClassNotFoundException'{0x000000070ac3dbe0}: org/gradle/api/internal/artifacts/DefaultArtifactRepositoryContainerCustomizer> (0x000000070ac3dbe0) 
thrown [s\src\hotspot\share\classfile\systemDictionary.cpp, line 256]
Event: 42.982 Thread 0x000002486e6cc9d0 Exception <a 'java/lang/ClassNotFoundException'{0x000000070ac68740}: org/gradle/api/internal/artifacts/dsl/DefaultRepositoryHandlerCustomizer> (0x000000070ac68740) 
thrown [s\src\hotspot\share\classfile\systemDictionary.cpp, line 256]
Event: 42.983 Thread 0x000002486e6cc9d0 Exception <a 'java/lang/ClassNotFoundException'{0x000000070ac9fbe0}: org/gradle/api/internal/artifacts/dsl/DefaultRepositoryHandler_DecoratedCustomizer> (0x000000070ac9fbe0) 
thrown [s\src\hotspot\share\classfile\systemDictionary.cpp, line 256]
Event: 42.994 Thread 0x000002486e6cc9d0 Exception <a 'java/lang/ClassNotFoundException'{0x000000070ad37718}: org/gradle/api/internal/artifacts/dsl/dependencies/DefaultDependencyHandler_DecoratedBeanInfo> (0x000000070ad37718) 
thrown [s\src\hotspot\share\classfile\systemDictionary.cpp, line 256]
Event: 42.995 Thread 0x000002486e6cc9d0 Exception <a 'java/lang/ClassNotFoundException'{0x000000070ad4fa58}: org/gradle/api/internal/artifacts/dsl/dependencies/DefaultDependencyHandlerBeanInfo> (0x000000070ad4fa58) 
thrown [s\src\hotspot\share\classfile\systemDictionary.cpp, line 256]
Event: 42.996 Thread 0x000002486e6cc9d0 Exception <a 'java/lang/ClassNotFoundException'{0x000000070ad67808}: org/gradle/api/internal/artifacts/dsl/dependencies/DefaultDependencyHandlerCustomizer> (0x000000070ad67808) 
thrown [s\src\hotspot\share\classfile\systemDictionary.cpp, line 256]
Event: 42.998 Thread 0x000002486e6cc9d0 Exception <a 'java/lang/ClassNotFoundException'{0x000000070ada6b18}: org/gradle/api/internal/artifacts/dsl/dependencies/DefaultDependencyHandler_DecoratedCustomizer> (0x000000070ada6b18) 
thrown [s\src\hotspot\share\classfile\systemDictionary.cpp, line 256]
Event: 47.332 Thread 0x000002487035d2f0 Exception <a 'sun/nio/fs/WindowsException'{0x000000070ebf2878}> (0x000000070ebf2878) 
thrown [s\src\hotspot\share\prims\jni.cpp, line 516]
Event: 47.332 Thread 0x000002487035d2f0 Exception <a 'sun/nio/fs/WindowsException'{0x000000070ebf5030}> (0x000000070ebf5030) 
thrown [s\src\hotspot\share\prims\jni.cpp, line 516]
Event: 47.332 Thread 0x000002487035d2f0 Exception <a 'sun/nio/fs/WindowsException'{0x000000070ebf7568}> (0x000000070ebf7568) 
thrown [s\src\hotspot\share\prims\jni.cpp, line 516]
Event: 47.333 Thread 0x000002487035d2f0 Exception <a 'sun/nio/fs/WindowsException'{0x000000070ebf9708}> (0x000000070ebf9708) 
thrown [s\src\hotspot\share\prims\jni.cpp, line 516]
Event: 47.885 Thread 0x000002487035f150 Implicit null exception at 0x0000024855e13329 to 0x0000024855e13a3c

VM Operations (20 events):
Event: 46.849 Executing VM operation: Cleanup
Event: 46.849 Executing VM operation: Cleanup done
Event: 47.555 Executing VM operation: HandshakeAllThreads
Event: 47.556 Executing VM operation: HandshakeAllThreads done
Event: 47.881 Executing VM operation: ICBufferFull
Event: 47.881 Executing VM operation: ICBufferFull done
Event: 48.100 Executing VM operation: HandshakeAllThreads
Event: 48.112 Executing VM operation: HandshakeAllThreads done
Event: 48.138 Executing VM operation: HandshakeAllThreads
Event: 48.138 Executing VM operation: HandshakeAllThreads done
Event: 48.593 Executing VM operation: G1CollectForAllocation
Event: 48.612 Executing VM operation: G1CollectForAllocation done
Event: 48.765 Executing VM operation: G1CollectForAllocation
Event: 48.782 Executing VM operation: G1CollectForAllocation done
Event: 49.784 Executing VM operation: Cleanup
Event: 49.784 Executing VM operation: Cleanup done
Event: 50.787 Executing VM operation: Cleanup
Event: 50.787 Executing VM operation: Cleanup done
Event: 51.766 Executing VM operation: G1CollectForAllocation
Event: 51.772 Executing VM operation: G1CollectForAllocation done

Events (20 events):
Event: 48.147 Thread 0x0000024868839ae0 flushing nmethod 0x000002484ebccb90
Event: 48.147 Thread 0x0000024868839ae0 flushing nmethod 0x000002484ebd7c90
Event: 48.147 Thread 0x0000024868839ae0 flushing nmethod 0x000002484ebe4f90
Event: 48.147 Thread 0x0000024868839ae0 flushing nmethod 0x000002484ebe9f10
Event: 48.147 Thread 0x0000024868839ae0 flushing nmethod 0x000002484ebf4a90
Event: 48.147 Thread 0x0000024868839ae0 flushing nmethod 0x000002484ec47c10
Event: 48.147 Thread 0x0000024868839ae0 flushing nmethod 0x000002484ecbde90
Event: 48.147 Thread 0x0000024868839ae0 flushing nmethod 0x000002484ecd9b90
Event: 48.147 Thread 0x0000024868839ae0 flushing nmethod 0x000002484ed06310
Event: 48.148 Thread 0x0000024868839ae0 flushing nmethod 0x000002484edea590
Event: 48.148 Thread 0x0000024868839ae0 flushing nmethod 0x000002484edff510
Event: 48.148 Thread 0x0000024868839ae0 flushing nmethod 0x000002484ee0d510
Event: 48.148 Thread 0x0000024868839ae0 flushing nmethod 0x000002484ee42b10
Event: 48.148 Thread 0x0000024868839ae0 flushing nmethod 0x000002484ee4bd90
Event: 48.148 Thread 0x0000024868839ae0 flushing nmethod 0x000002484ef97310
Event: 48.149 Thread 0x0000024868839ae0 flushing nmethod 0x000002484efb3810
Event: 48.149 Thread 0x0000024868839ae0 flushing nmethod 0x000002484efbb990
Event: 48.149 Thread 0x0000024868839ae0 flushing nmethod 0x000002484f0bb410
Event: 48.931 Thread 0x00000248708178d0 Thread added: 0x00000248708178d0
Event: 49.336 Thread 0x00000248708178d0 Thread exited: 0x00000248708178d0


Dynamic libraries:
0x00007ff643900000 - 0x00007ff64390e000 	C:\Program Files\Microsoft\jdk-17.0.8.7-hotspot\bin\java.exe
0x00007ff80d310000 - 0x00007ff80d508000 	C:\Windows\SYSTEM32\ntdll.dll
0x00007ff80b340000 - 0x00007ff80b402000 	C:\Windows\System32\KERNEL32.DLL
0x00007ff80acd0000 - 0x00007ff80afc6000 	C:\Windows\System32\KERNELBASE.dll
0x00007ff80afd0000 - 0x00007ff80b0d0000 	C:\Windows\System32\ucrtbase.dll
0x00007ff806a70000 - 0x00007ff806a87000 	C:\Program Files\Microsoft\jdk-17.0.8.7-hotspot\bin\jli.dll
0x00007ff807bb0000 - 0x00007ff807bcb000 	C:\Program Files\Microsoft\jdk-17.0.8.7-hotspot\bin\VCRUNTIME140.dll
0x00007ff80cc10000 - 0x00007ff80cdb1000 	C:\Windows\System32\USER32.dll
0x00007ffffb1a0000 - 0x00007ffffb43b000 	C:\Windows\WinSxS\amd64_microsoft.windows.common-controls_6595b64144ccf1df_6.0.19041.6456_none_60b8a6cb71f64256\COMCTL32.dll
0x00007ff80c5c0000 - 0x00007ff80c65e000 	C:\Windows\System32\msvcrt.dll
0x00007ff80b300000 - 0x00007ff80b322000 	C:\Windows\System32\win32u.dll
0x00007ff80ce50000 - 0x00007ff80ce7b000 	C:\Windows\System32\GDI32.dll
0x00007ff80abb0000 - 0x00007ff80acc9000 	C:\Windows\System32\gdi32full.dll
0x00007ff80aae0000 - 0x00007ff80ab7d000 	C:\Windows\System32\msvcp_win.dll
0x00007ff80b410000 - 0x00007ff80b43f000 	C:\Windows\System32\IMM32.DLL
0x00007ff806a60000 - 0x00007ff806a6c000 	C:\Program Files\Microsoft\jdk-17.0.8.7-hotspot\bin\vcruntime140_1.dll
0x00007fffed230000 - 0x00007fffed2bd000 	C:\Program Files\Microsoft\jdk-17.0.8.7-hotspot\bin\msvcp140.dll
0x00007fffd1a50000 - 0x00007fffd26b5000 	C:\Program Files\Microsoft\jdk-17.0.8.7-hotspot\bin\server\jvm.dll
0x00007ff80cb50000 - 0x00007ff80cc01000 	C:\Windows\System32\ADVAPI32.dll
0x00007ff80cea0000 - 0x00007ff80cf3f000 	C:\Windows\System32\sechost.dll
0x00007ff80c660000 - 0x00007ff80c780000 	C:\Windows\System32\RPCRT4.dll
0x00007ff80ab80000 - 0x00007ff80aba7000 	C:\Windows\System32\bcrypt.dll
0x00007ff809f20000 - 0x00007ff809f6b000 	C:\Windows\SYSTEM32\POWRPROF.dll
0x00007ffff0f60000 - 0x00007ffff0f69000 	C:\Windows\SYSTEM32\WSOCK32.dll
0x00007ff80cf40000 - 0x00007ff80cfab000 	C:\Windows\System32\WS2_32.dll
0x00007ff803ea0000 - 0x00007ff803ec7000 	C:\Windows\SYSTEM32\WINMM.dll
0x00007ff805bd0000 - 0x00007ff805bda000 	C:\Windows\SYSTEM32\VERSION.dll
0x00007ff809da0000 - 0x00007ff809db2000 	C:\Windows\SYSTEM32\UMPDC.dll
0x00007ff808830000 - 0x00007ff808842000 	C:\Windows\SYSTEM32\kernel.appcore.dll
0x00007ff806a50000 - 0x00007ff806a5a000 	C:\Program Files\Microsoft\jdk-17.0.8.7-hotspot\bin\jimage.dll
0x00007ffffa300000 - 0x00007ffffa501000 	C:\Windows\SYSTEM32\DBGHELP.DLL
0x00007fffec1f0000 - 0x00007fffec224000 	C:\Windows\SYSTEM32\dbgcore.DLL
0x00007ff80a9a0000 - 0x00007ff80aa22000 	C:\Windows\System32\bcryptPrimitives.dll
0x00007ffff6e50000 - 0x00007ffff6e5e000 	C:\Program Files\Microsoft\jdk-17.0.8.7-hotspot\bin\instrument.dll
0x00007ff806a00000 - 0x00007ff806a25000 	C:\Program Files\Microsoft\jdk-17.0.8.7-hotspot\bin\java.dll
0x00007fffe7dc0000 - 0x00007fffe7e97000 	C:\Program Files\Microsoft\jdk-17.0.8.7-hotspot\bin\jsvml.dll
0x00007ff80bb70000 - 0x00007ff80c2e0000 	C:\Windows\System32\SHELL32.dll
0x00007ff808a30000 - 0x00007ff8091d5000 	C:\Windows\SYSTEM32\windows.storage.dll
0x00007ff80c790000 - 0x00007ff80cae4000 	C:\Windows\System32\combase.dll
0x00007ff80a3d0000 - 0x00007ff80a3fb000 	C:\Windows\SYSTEM32\Wldp.dll
0x00007ff80ba30000 - 0x00007ff80bafd000 	C:\Windows\System32\OLEAUT32.dll
0x00007ff80d220000 - 0x00007ff80d2cd000 	C:\Windows\System32\SHCORE.dll
0x00007ff80caf0000 - 0x00007ff80cb4b000 	C:\Windows\System32\shlwapi.dll
0x00007ff80a8d0000 - 0x00007ff80a8f4000 	C:\Windows\SYSTEM32\profapi.dll
0x00007ff8035b0000 - 0x00007ff8035c8000 	C:\Program Files\Microsoft\jdk-17.0.8.7-hotspot\bin\zip.dll
0x00007ff8069e0000 - 0x00007ff8069f9000 	C:\Program Files\Microsoft\jdk-17.0.8.7-hotspot\bin\net.dll
0x00007ff8058f0000 - 0x00007ff8059fa000 	C:\Windows\SYSTEM32\WINHTTP.dll
0x00007ff80a130000 - 0x00007ff80a19a000 	C:\Windows\system32\mswsock.dll
0x00007ff8035d0000 - 0x00007ff8035e6000 	C:\Program Files\Microsoft\jdk-17.0.8.7-hotspot\bin\nio.dll
0x00007ff802580000 - 0x00007ff802590000 	C:\Program Files\Microsoft\jdk-17.0.8.7-hotspot\bin\verify.dll
0x00007ffff3770000 - 0x00007ffff3797000 	C:\Users\pc\.gradle\native\1def1411415f61bf3af743bc5b6707747c0891f09f0c88961ee8f79bc544acac\windows-amd64\native-platform.dll
0x00007fffed1b0000 - 0x00007fffed227000 	C:\Users\pc\.gradle\native\0.2.8\x86_64-windows-gnu\gradle-fileevents.dll
0x00007ff8069d0000 - 0x00007ff8069d9000 	C:\Program Files\Microsoft\jdk-17.0.8.7-hotspot\bin\management.dll
0x00007ff806110000 - 0x00007ff80611b000 	C:\Program Files\Microsoft\jdk-17.0.8.7-hotspot\bin\management_ext.dll
0x00007ff80c780000 - 0x00007ff80c788000 	C:\Windows\System32\PSAPI.DLL
0x00007ff809dc0000 - 0x00007ff809dfb000 	C:\Windows\SYSTEM32\IPHLPAPI.DLL
0x00007ff80b330000 - 0x00007ff80b338000 	C:\Windows\System32\NSI.dll
0x00007ff8046d0000 - 0x00007ff8046e7000 	C:\Windows\SYSTEM32\dhcpcsvc6.DLL
0x00007ff804850000 - 0x00007ff80486d000 	C:\Windows\SYSTEM32\dhcpcsvc.DLL
0x00007ff809e00000 - 0x00007ff809eca000 	C:\Windows\SYSTEM32\DNSAPI.dll
0x00007ff80a330000 - 0x00007ff80a348000 	C:\Windows\SYSTEM32\CRYPTSP.dll
0x00007ff809970000 - 0x00007ff8099a8000 	C:\Windows\system32\rsaenh.dll
0x00007ff80a890000 - 0x00007ff80a8be000 	C:\Windows\SYSTEM32\USERENV.dll
0x00007ff80a320000 - 0x00007ff80a32c000 	C:\Windows\SYSTEM32\CRYPTBASE.dll
0x00007ffff3760000 - 0x00007ffff376e000 	C:\Program Files\Microsoft\jdk-17.0.8.7-hotspot\bin\sunmscapi.dll
0x00007ff80b0d0000 - 0x00007ff80b22d000 	C:\Windows\System32\CRYPT32.dll
0x00007ff80a440000 - 0x00007ff80a467000 	C:\Windows\SYSTEM32\ncrypt.dll
0x00007ff80a400000 - 0x00007ff80a43b000 	C:\Windows\SYSTEM32\NTASN1.dll
0x00007ffff3570000 - 0x00007ffff3577000 	C:\Windows\system32\wshunix.dll
0x00007ff8005b0000 - 0x00007ff8005ba000 	C:\Windows\System32\rasadhlp.dll
0x00007ff802240000 - 0x00007ff8022c0000 	C:\Windows\System32\fwpuclnt.dll

dbghelp: loaded successfully - version: 4.0.5 - missing functions: none
symbol engine: initialized successfully - sym options: 0x614 - pdb path: .;C:\Program Files\Microsoft\jdk-17.0.8.7-hotspot\bin;C:\Windows\SYSTEM32;C:\Windows\WinSxS\amd64_microsoft.windows.common-controls_6595b64144ccf1df_6.0.19041.6456_none_60b8a6cb71f64256;C:\Program Files\Microsoft\jdk-17.0.8.7-hotspot\bin\server;C:\Users\pc\.gradle\native\1def1411415f61bf3af743bc5b6707747c0891f09f0c88961ee8f79bc544acac\windows-amd64;C:\Users\pc\.gradle\native\0.2.8\x86_64-windows-gnu

VM Arguments:
jvm_args: --add-opens=java.base/java.lang=ALL-UNNAMED --add-opens=java.base/java.lang.invoke=ALL-UNNAMED --add-opens=java.base/java.util=ALL-UNNAMED --add-opens=java.prefs/java.util.prefs=ALL-UNNAMED --add-exports=jdk.compiler/com.sun.tools.javac.api=ALL-UNNAMED --add-exports=jdk.compiler/com.sun.tools.javac.util=ALL-UNNAMED --add-opens=java.base/java.util=ALL-UNNAMED --add-opens=java.prefs/java.util.prefs=ALL-UNNAMED --add-opens=java.base/java.nio.charset=ALL-UNNAMED --add-opens=java.base/java.net=ALL-UNNAMED --add-opens=java.base/java.util.concurrent=ALL-UNNAMED --add-opens=java.base/java.util.concurrent.atomic=ALL-UNNAMED --add-opens=java.xml/javax.xml.namespace=ALL-UNNAMED -Xmx4096m -Dfile.encoding=UTF-8 -Duser.country=US -Duser.language=en -Duser.variant -javaagent:C:\Users\pc\.gradle\wrapper\dists\gradle-9.0.0-bin\d6wjpkvcgsg3oed0qlfss3wgl\gradle-9.0.0\lib\agents\gradle-instrumentation-agent-9.0.0.jar 
java_command: org.gradle.launcher.daemon.bootstrap.GradleDaemon 9.0.0
java_class_path (initial): C:\Users\pc\.gradle\wrapper\dists\gradle-9.0.0-bin\d6wjpkvcgsg3oed0qlfss3wgl\gradle-9.0.0\lib\gradle-daemon-main-9.0.0.jar
Launcher Type: SUN_STANDARD

[Global flags]
     intx CICompilerCount                          = 3                                         {product} {ergonomic}
     uint ConcGCThreads                            = 1                                         {product} {ergonomic}
     uint G1ConcRefinementThreads                  = 4                                         {product} {ergonomic}
   size_t G1HeapRegionSize                         = 2097152                                   {product} {ergonomic}
    uintx GCDrainStackTargetSize                   = 64                                        {product} {ergonomic}
   size_t InitialHeapSize                          = 268435456                                 {product} {ergonomic}
   size_t MarkStackSize                            = 4194304                                   {product} {ergonomic}
   size_t MaxHeapSize                              = 4294967296                                {product} {command line}
   size_t MaxNewSize                               = 2575302656                                {product} {ergonomic}
   size_t MinHeapDeltaBytes                        = 2097152                                   {product} {ergonomic}
   size_t MinHeapSize                              = 8388608                                   {product} {ergonomic}
    uintx NonNMethodCodeHeapSize                   = 5832780                                {pd product} {ergonomic}
    uintx NonProfiledCodeHeapSize                  = 122912730                              {pd product} {ergonomic}
    uintx ProfiledCodeHeapSize                     = 122912730                              {pd product} {ergonomic}
    uintx ReservedCodeCacheSize                    = 251658240                              {pd product} {ergonomic}
     bool SegmentedCodeCache                       = true                                      {product} {ergonomic}
   size_t SoftMaxHeapSize                          = 4294967296                             {manageable} {ergonomic}
     bool UseCompressedClassPointers               = true                           {product lp64_product} {ergonomic}
     bool UseCompressedOops                        = true                           {product lp64_product} {ergonomic}
     bool UseG1GC                                  = true                                      {product} {ergonomic}
     bool UseLargePagesIndividualAllocation        = false                                  {pd product} {ergonomic}

Logging:
Log output configuration:
 #0: stdout all=warning uptime,level,tags
 #1: stderr all=off uptime,level,tags

Environment Variables:
JAVA_HOME=C:\Program Files\Microsoft\jdk-17.0.8.7-hotspot\
PATH=D:\Apps\Lunara_New\Lunara\node_modules\.bin;D:\Apps\Lunara_New\Lunara\node_modules\.bin;D:\Apps\Lunara_New\node_modules\.bin;D:\Apps\node_modules\.bin;D:\node_modules\.bin;C:\Program Files\nodejs\node_modules\npm\node_modules\@npmcli\run-script\lib\node-gyp-bin;C:\Python314\Scripts\;C:\Python314\;C:\Program Files\Python313\Scripts\;C:\Program Files\Python313\;C:\Program Files\Microsoft\jdk-17.0.8.7-hotspot\bin;C:\Windows\system32;C:\Windows;C:\Windows\System32\Wbem;C:\Windows\System32\WindowsPowerShell\v1.0\;C:\Windows\System32\OpenSSH\;C:\ProgramData\chocolatey\bin;C:\Program Files\Git\cmd;%LOCALAPPDATA%\Android\Sdk\platform-tools;C:\gradle\bin;C:\Program Files\PostgreSQL\15\bin;C:\Program Files\PostgreSQL\15\lib;C:\xampp\php;C:\ProgramData\ComposerSetup\bin;C:\Program Files\nodejs\;C:\Program Files\cursor\resources\app\bin;C:\Users\pc\AppData\Local\Programs\Python\Launcher\;C:\Users\pc\AppData\Local\Android\Sdk\tools;C:\Users\pc\AppData\Local\Android\Sdk\tools;C:\Users\pc\AppData\Local\Microsoft\WindowsApps;C:\Users\pc\AppData\Local\Programs\Microsoft VS Code\bin;C:\Users\pc\AppData\Local\Android\Sdk\platform-tools;C:\Program Files\heroku\bin;D:\heroku\bin;C:\Users\pc\AppData\Roaming\Composer\vendor\bin;C:\Users\pc\AppData\Roaming\npm;C:\Users\pc\AppData\Local\Programs\Antigravity\bin
USERNAME=pc
LANG=en_US.UTF-8
OS=Windows_NT
PROCESSOR_IDENTIFIER=Intel64 Family 6 Model 94 Stepping 3, GenuineIntel
TMP=C:\Users\pc\AppData\Local\Temp
TEMP=C:\Users\pc\AppData\Local\Temp



---------------  S Y S T E M  ---------------

OS:
 Windows 10 , 64 bit Build 19041 (10.0.19041.5915)
OS uptime: 0 days 7:47 hours

CPU: total 4 (initial active 4) (4 cores per cpu, 1 threads per core) family 6 model 94 stepping 3 microcode 0xf0, cx8, cmov, fxsr, mmx, 3dnowpref, sse, sse2, sse3, ssse3, sse4.1, sse4.2, popcnt, lzcnt, tsc, tscinvbit, avx, avx2, aes, erms, clmul, bmi1, bmi2, rtm, adx, fma, vzeroupper, clflush, clflushopt
Processor Information for all 4 processors :
  Max Mhz: 3312, Current Mhz: 3312, Mhz Limit: 3312

Memory: 4k page, system-wide physical 16275M (368M free)
TotalPageFile size 25871M (AvailPageFile size 4330M)
current process WorkingSet (physical memory assigned to process): 454M, peak: 456M
current process commit charge ("private bytes"): 494M, peak: 500M

vm_info: OpenJDK 64-Bit Server VM (17.0.8+7-LTS) for windows-amd64 JRE (17.0.8+7-LTS), built on Jul  7 2023 17:21:55 by "MicrosoftCorporation" with MS VC++ 16.10 / 16.11 (VS2019)

END.
